// Jest Snapshot v1, https://goo.gl/fbAQLP

exports[`snapshot testing 1`] = `"Hello, my name is Arul. I am 24 years old."`;
